#! /usr/bin/vvp
:ivl_version "11.0 (stable)";
:ivl_delay_selection "TYPICAL";
:vpi_time_precision - 12;
:vpi_module "/usr/lib/x86_64-linux-gnu/ivl/system.vpi";
:vpi_module "/usr/lib/x86_64-linux-gnu/ivl/vhdl_sys.vpi";
:vpi_module "/usr/lib/x86_64-linux-gnu/ivl/vhdl_textio.vpi";
:vpi_module "/usr/lib/x86_64-linux-gnu/ivl/v2005_math.vpi";
:vpi_module "/usr/lib/x86_64-linux-gnu/ivl/va_math.vpi";
S_0x5ec4b801ef70 .scope module, "vsdbabysoc_tb" "vsdbabysoc_tb" 2 3;
 .timescale -9 -12;
v0x5ec4b8048ab0_0 .var "clk", 0 0;
v0x5ec4b8048b70_0 .var "en", 0 0;
v0x5ec4b8048c10_0 .net "led", 3 0, L_0x5ec4b804ae80;  1 drivers
v0x5ec4b8048cb0_0 .var "reset", 0 0;
L_0x5ec4b804ae80 .part v0x5ec4b8048890_0, 0, 4;
S_0x5ec4b801f100 .scope module, "uut" "vsdbabysoc" 2 11, 3 3 0, S_0x5ec4b801ef70;
 .timescale -9 -12;
    .port_info 0 /INPUT 1 "clk";
    .port_info 1 /INPUT 1 "reset";
    .port_info 2 /INPUT 1 "en";
    .port_info 3 /OUTPUT 8 "led";
L_0x5ec4b8014900 .functor XOR 1, L_0x5ec4b8048d50, L_0x5ec4b8048e50, C4<0>, C4<0>;
L_0x5ec4b80152a0 .functor AND 1, L_0x5ec4b8048fc0, L_0x5ec4b804ad70, C4<1>, C4<1>;
L_0x5ec4b8015c40 .functor XOR 1, L_0x5ec4b80490b0, L_0x5ec4b804ad70, C4<0>, C4<0>;
L_0x5ec4b80165e0 .functor AND 1, L_0x5ec4b8049230, L_0x5ec4b80152a0, C4<1>, C4<1>;
L_0x5ec4b8016f80 .functor XOR 1, L_0x5ec4b80493a0, L_0x5ec4b80152a0, C4<0>, C4<0>;
L_0x5ec4b8017920 .functor AND 1, L_0x5ec4b80494d0, L_0x5ec4b80165e0, C4<1>, C4<1>;
L_0x5ec4b8049740 .functor XOR 1, L_0x5ec4b8049650, L_0x5ec4b80165e0, C4<0>, C4<0>;
L_0x5ec4b80498a0 .functor AND 1, L_0x5ec4b8049800, L_0x5ec4b8017920, C4<1>, C4<1>;
L_0x5ec4b8049b00 .functor XOR 1, L_0x5ec4b8049a00, L_0x5ec4b8017920, C4<0>, C4<0>;
L_0x5ec4b8049c10 .functor AND 1, L_0x5ec4b8049b70, L_0x5ec4b80498a0, C4<1>, C4<1>;
L_0x5ec4b8049db0 .functor NOT 1, L_0x5ec4b8049c10, C4<0>, C4<0>, C4<0>;
L_0x5ec4b8049f30 .functor XOR 1, L_0x5ec4b8049e20, L_0x5ec4b80498a0, C4<0>, C4<0>;
L_0x5ec4b804a100 .functor XOR 1, L_0x5ec4b804a060, L_0x5ec4b8049db0, C4<0>, C4<0>;
L_0x5ec4b804a240 .functor NOT 1, L_0x5ec4b804a100, C4<0>, C4<0>, C4<0>;
L_0x5ec4b8049ff0 .functor AND 1, v0x5ec4b8048b70_0, v0x5ec4b8048ab0_0, C4<1>, C4<1>;
L_0x5ec4b8049ec0 .functor NOT 1, L_0x5ec4b804a7c0, C4<0>, C4<0>, C4<0>;
L_0x5ec4b804ad70 .functor AND 1, L_0x5ec4b804a990, L_0x5ec4b804aac0, C4<1>, C4<1>;
v0x5ec4b8015e80_0 .net "_0_", 7 0, L_0x5ec4b804a420;  1 drivers
v0x5ec4b8016780_0 .net "_1_", 0 0, L_0x5ec4b804ad70;  1 drivers
v0x5ec4b8016820_0 .net "_2_", 0 0, L_0x5ec4b80152a0;  1 drivers
v0x5ec4b8017120_0 .net "_3_", 0 0, L_0x5ec4b80165e0;  1 drivers
v0x5ec4b80171c0_0 .net "_4_", 0 0, L_0x5ec4b8017920;  1 drivers
v0x5ec4b8017ac0_0 .net "_5_", 0 0, L_0x5ec4b80498a0;  1 drivers
v0x5ec4b8017b60_0 .net "_6_", 0 0, L_0x5ec4b8049db0;  1 drivers
v0x5ec4b8046f90_0 .net *"_ivl_15", 0 0, L_0x5ec4b80490b0;  1 drivers
v0x5ec4b8047070_0 .net *"_ivl_16", 0 0, L_0x5ec4b8015c40;  1 drivers
v0x5ec4b8047150_0 .net *"_ivl_19", 0 0, L_0x5ec4b8049230;  1 drivers
v0x5ec4b8047230_0 .net *"_ivl_25", 0 0, L_0x5ec4b80493a0;  1 drivers
v0x5ec4b8047310_0 .net *"_ivl_26", 0 0, L_0x5ec4b8016f80;  1 drivers
v0x5ec4b80473f0_0 .net *"_ivl_29", 0 0, L_0x5ec4b80494d0;  1 drivers
v0x5ec4b80474d0_0 .net *"_ivl_3", 0 0, L_0x5ec4b8048d50;  1 drivers
v0x5ec4b80475b0_0 .net *"_ivl_35", 0 0, L_0x5ec4b8049650;  1 drivers
v0x5ec4b8047690_0 .net *"_ivl_36", 0 0, L_0x5ec4b8049740;  1 drivers
v0x5ec4b8047770_0 .net *"_ivl_39", 0 0, L_0x5ec4b8049800;  1 drivers
v0x5ec4b8047850_0 .net *"_ivl_45", 0 0, L_0x5ec4b8049a00;  1 drivers
v0x5ec4b8047930_0 .net *"_ivl_46", 0 0, L_0x5ec4b8049b00;  1 drivers
v0x5ec4b8047a10_0 .net *"_ivl_49", 0 0, L_0x5ec4b8049b70;  1 drivers
v0x5ec4b8047af0_0 .net *"_ivl_5", 0 0, L_0x5ec4b8048e50;  1 drivers
v0x5ec4b8047bd0_0 .net *"_ivl_50", 0 0, L_0x5ec4b8049c10;  1 drivers
v0x5ec4b8047cb0_0 .net *"_ivl_57", 0 0, L_0x5ec4b8049e20;  1 drivers
v0x5ec4b8047d90_0 .net *"_ivl_58", 0 0, L_0x5ec4b8049f30;  1 drivers
v0x5ec4b8047e70_0 .net *"_ivl_6", 0 0, L_0x5ec4b8014900;  1 drivers
v0x5ec4b8047f50_0 .net *"_ivl_63", 0 0, L_0x5ec4b804a060;  1 drivers
v0x5ec4b8048030_0 .net *"_ivl_64", 0 0, L_0x5ec4b804a100;  1 drivers
v0x5ec4b8048110_0 .net *"_ivl_66", 0 0, L_0x5ec4b804a240;  1 drivers
v0x5ec4b80481f0_0 .net *"_ivl_74", 0 0, L_0x5ec4b804a7c0;  1 drivers
v0x5ec4b80482d0_0 .net *"_ivl_75", 0 0, L_0x5ec4b8049ec0;  1 drivers
v0x5ec4b80483b0_0 .net *"_ivl_78", 0 0, L_0x5ec4b804a990;  1 drivers
v0x5ec4b8048490_0 .net *"_ivl_80", 0 0, L_0x5ec4b804aac0;  1 drivers
v0x5ec4b8048570_0 .net *"_ivl_9", 0 0, L_0x5ec4b8048fc0;  1 drivers
v0x5ec4b8048650_0 .net "clk", 0 0, v0x5ec4b8048ab0_0;  1 drivers
v0x5ec4b8048710_0 .net "en", 0 0, v0x5ec4b8048b70_0;  1 drivers
v0x5ec4b80487d0_0 .net "gclk", 0 0, L_0x5ec4b8049ff0;  1 drivers
v0x5ec4b8048890_0 .var "led", 7 0;
v0x5ec4b8048970_0 .net "reset", 0 0, v0x5ec4b8048cb0_0;  1 drivers
E_0x5ec4b8020a70 .event posedge, v0x5ec4b8048970_0, v0x5ec4b80487d0_0;
L_0x5ec4b8048d50 .part v0x5ec4b8048890_0, 0, 1;
L_0x5ec4b8048e50 .part v0x5ec4b8048890_0, 1, 1;
L_0x5ec4b8048fc0 .part v0x5ec4b8048890_0, 2, 1;
L_0x5ec4b80490b0 .part v0x5ec4b8048890_0, 2, 1;
L_0x5ec4b8049230 .part v0x5ec4b8048890_0, 3, 1;
L_0x5ec4b80493a0 .part v0x5ec4b8048890_0, 3, 1;
L_0x5ec4b80494d0 .part v0x5ec4b8048890_0, 4, 1;
L_0x5ec4b8049650 .part v0x5ec4b8048890_0, 4, 1;
L_0x5ec4b8049800 .part v0x5ec4b8048890_0, 5, 1;
L_0x5ec4b8049a00 .part v0x5ec4b8048890_0, 5, 1;
L_0x5ec4b8049b70 .part v0x5ec4b8048890_0, 6, 1;
L_0x5ec4b8049e20 .part v0x5ec4b8048890_0, 6, 1;
L_0x5ec4b804a060 .part v0x5ec4b8048890_0, 7, 1;
LS_0x5ec4b804a420_0_0 .concat8 [ 1 1 1 1], L_0x5ec4b8049ec0, L_0x5ec4b8014900, L_0x5ec4b8015c40, L_0x5ec4b8016f80;
LS_0x5ec4b804a420_0_4 .concat8 [ 1 1 1 1], L_0x5ec4b8049740, L_0x5ec4b8049b00, L_0x5ec4b8049f30, L_0x5ec4b804a240;
L_0x5ec4b804a420 .concat8 [ 4 4 0 0], LS_0x5ec4b804a420_0_0, LS_0x5ec4b804a420_0_4;
L_0x5ec4b804a7c0 .part v0x5ec4b8048890_0, 0, 1;
L_0x5ec4b804a990 .part v0x5ec4b8048890_0, 0, 1;
L_0x5ec4b804aac0 .part v0x5ec4b8048890_0, 1, 1;
    .scope S_0x5ec4b801f100;
T_0 ;
    %wait E_0x5ec4b8020a70;
    %load/vec4 v0x5ec4b8048970_0;
    %flag_set/vec4 8;
    %jmp/0xz  T_0.0, 8;
    %pushi/vec4 0, 0, 1;
    %ix/load 4, 0, 0;
    %ix/load 5, 0, 0;
    %flag_set/imm 4, 0;
    %assign/vec4/off/d v0x5ec4b8048890_0, 4, 5;
    %jmp T_0.1;
T_0.0 ;
    %load/vec4 v0x5ec4b8015e80_0;
    %parti/s 1, 0, 2;
    %ix/load 4, 0, 0;
    %ix/load 5, 0, 0;
    %flag_set/imm 4, 0;
    %assign/vec4/off/d v0x5ec4b8048890_0, 4, 5;
T_0.1 ;
    %jmp T_0;
    .thread T_0;
    .scope S_0x5ec4b801f100;
T_1 ;
    %wait E_0x5ec4b8020a70;
    %load/vec4 v0x5ec4b8048970_0;
    %flag_set/vec4 8;
    %jmp/0xz  T_1.0, 8;
    %pushi/vec4 0, 0, 1;
    %ix/load 4, 1, 0;
    %ix/load 5, 0, 0;
    %flag_set/imm 4, 0;
    %assign/vec4/off/d v0x5ec4b8048890_0, 4, 5;
    %jmp T_1.1;
T_1.0 ;
    %load/vec4 v0x5ec4b8015e80_0;
    %parti/s 1, 1, 2;
    %ix/load 4, 1, 0;
    %ix/load 5, 0, 0;
    %flag_set/imm 4, 0;
    %assign/vec4/off/d v0x5ec4b8048890_0, 4, 5;
T_1.1 ;
    %jmp T_1;
    .thread T_1;
    .scope S_0x5ec4b801f100;
T_2 ;
    %wait E_0x5ec4b8020a70;
    %load/vec4 v0x5ec4b8048970_0;
    %flag_set/vec4 8;
    %jmp/0xz  T_2.0, 8;
    %pushi/vec4 0, 0, 1;
    %ix/load 4, 2, 0;
    %ix/load 5, 0, 0;
    %flag_set/imm 4, 0;
    %assign/vec4/off/d v0x5ec4b8048890_0, 4, 5;
    %jmp T_2.1;
T_2.0 ;
    %load/vec4 v0x5ec4b8015e80_0;
    %parti/s 1, 2, 3;
    %ix/load 4, 2, 0;
    %ix/load 5, 0, 0;
    %flag_set/imm 4, 0;
    %assign/vec4/off/d v0x5ec4b8048890_0, 4, 5;
T_2.1 ;
    %jmp T_2;
    .thread T_2;
    .scope S_0x5ec4b801f100;
T_3 ;
    %wait E_0x5ec4b8020a70;
    %load/vec4 v0x5ec4b8048970_0;
    %flag_set/vec4 8;
    %jmp/0xz  T_3.0, 8;
    %pushi/vec4 0, 0, 1;
    %ix/load 4, 3, 0;
    %ix/load 5, 0, 0;
    %flag_set/imm 4, 0;
    %assign/vec4/off/d v0x5ec4b8048890_0, 4, 5;
    %jmp T_3.1;
T_3.0 ;
    %load/vec4 v0x5ec4b8015e80_0;
    %parti/s 1, 3, 3;
    %ix/load 4, 3, 0;
    %ix/load 5, 0, 0;
    %flag_set/imm 4, 0;
    %assign/vec4/off/d v0x5ec4b8048890_0, 4, 5;
T_3.1 ;
    %jmp T_3;
    .thread T_3;
    .scope S_0x5ec4b801f100;
T_4 ;
    %wait E_0x5ec4b8020a70;
    %load/vec4 v0x5ec4b8048970_0;
    %flag_set/vec4 8;
    %jmp/0xz  T_4.0, 8;
    %pushi/vec4 0, 0, 1;
    %ix/load 4, 4, 0;
    %ix/load 5, 0, 0;
    %flag_set/imm 4, 0;
    %assign/vec4/off/d v0x5ec4b8048890_0, 4, 5;
    %jmp T_4.1;
T_4.0 ;
    %load/vec4 v0x5ec4b8015e80_0;
    %parti/s 1, 4, 4;
    %ix/load 4, 4, 0;
    %ix/load 5, 0, 0;
    %flag_set/imm 4, 0;
    %assign/vec4/off/d v0x5ec4b8048890_0, 4, 5;
T_4.1 ;
    %jmp T_4;
    .thread T_4;
    .scope S_0x5ec4b801f100;
T_5 ;
    %wait E_0x5ec4b8020a70;
    %load/vec4 v0x5ec4b8048970_0;
    %flag_set/vec4 8;
    %jmp/0xz  T_5.0, 8;
    %pushi/vec4 0, 0, 1;
    %ix/load 4, 5, 0;
    %ix/load 5, 0, 0;
    %flag_set/imm 4, 0;
    %assign/vec4/off/d v0x5ec4b8048890_0, 4, 5;
    %jmp T_5.1;
T_5.0 ;
    %load/vec4 v0x5ec4b8015e80_0;
    %parti/s 1, 5, 4;
    %ix/load 4, 5, 0;
    %ix/load 5, 0, 0;
    %flag_set/imm 4, 0;
    %assign/vec4/off/d v0x5ec4b8048890_0, 4, 5;
T_5.1 ;
    %jmp T_5;
    .thread T_5;
    .scope S_0x5ec4b801f100;
T_6 ;
    %wait E_0x5ec4b8020a70;
    %load/vec4 v0x5ec4b8048970_0;
    %flag_set/vec4 8;
    %jmp/0xz  T_6.0, 8;
    %pushi/vec4 0, 0, 1;
    %ix/load 4, 6, 0;
    %ix/load 5, 0, 0;
    %flag_set/imm 4, 0;
    %assign/vec4/off/d v0x5ec4b8048890_0, 4, 5;
    %jmp T_6.1;
T_6.0 ;
    %load/vec4 v0x5ec4b8015e80_0;
    %parti/s 1, 6, 4;
    %ix/load 4, 6, 0;
    %ix/load 5, 0, 0;
    %flag_set/imm 4, 0;
    %assign/vec4/off/d v0x5ec4b8048890_0, 4, 5;
T_6.1 ;
    %jmp T_6;
    .thread T_6;
    .scope S_0x5ec4b801f100;
T_7 ;
    %wait E_0x5ec4b8020a70;
    %load/vec4 v0x5ec4b8048970_0;
    %flag_set/vec4 8;
    %jmp/0xz  T_7.0, 8;
    %pushi/vec4 0, 0, 1;
    %ix/load 4, 7, 0;
    %ix/load 5, 0, 0;
    %flag_set/imm 4, 0;
    %assign/vec4/off/d v0x5ec4b8048890_0, 4, 5;
    %jmp T_7.1;
T_7.0 ;
    %load/vec4 v0x5ec4b8015e80_0;
    %parti/s 1, 7, 4;
    %ix/load 4, 7, 0;
    %ix/load 5, 0, 0;
    %flag_set/imm 4, 0;
    %assign/vec4/off/d v0x5ec4b8048890_0, 4, 5;
T_7.1 ;
    %jmp T_7;
    .thread T_7;
    .scope S_0x5ec4b801ef70;
T_8 ;
    %pushi/vec4 0, 0, 1;
    %store/vec4 v0x5ec4b8048ab0_0, 0, 1;
    %end;
    .thread T_8;
    .scope S_0x5ec4b801ef70;
T_9 ;
    %delay 5000, 0;
    %load/vec4 v0x5ec4b8048ab0_0;
    %inv;
    %store/vec4 v0x5ec4b8048ab0_0, 0, 1;
    %jmp T_9;
    .thread T_9;
    .scope S_0x5ec4b801ef70;
T_10 ;
    %pushi/vec4 1, 0, 1;
    %store/vec4 v0x5ec4b8048cb0_0, 0, 1;
    %pushi/vec4 0, 0, 1;
    %store/vec4 v0x5ec4b8048b70_0, 0, 1;
    %delay 20000, 0;
    %pushi/vec4 0, 0, 1;
    %store/vec4 v0x5ec4b8048cb0_0, 0, 1;
    %delay 10000, 0;
    %pushi/vec4 1, 0, 1;
    %store/vec4 v0x5ec4b8048b70_0, 0, 1;
    %delay 200000, 0;
    %pushi/vec4 0, 0, 1;
    %store/vec4 v0x5ec4b8048b70_0, 0, 1;
    %delay 50000, 0;
    %pushi/vec4 1, 0, 1;
    %store/vec4 v0x5ec4b8048b70_0, 0, 1;
    %end;
    .thread T_10;
    .scope S_0x5ec4b801ef70;
T_11 ;
    %vpi_call 2 34 "$dumpfile", "post_synth_sim.vcd" {0 0 0};
    %vpi_call 2 35 "$dumpvars", 32'sb00000000000000000000000000000000, S_0x5ec4b801ef70 {0 0 0};
    %delay 300000, 0;
    %vpi_call 2 36 "$finish" {0 0 0};
    %end;
    .thread T_11;
# The file index is used to find the file name in the following table.
:file_names 4;
    "N/A";
    "<interactive>";
    "/home/vboxuser/VSDBabySoCC/VSDBabySoC/src/module/testbench_min.v";
    "vsdbabysoc.synth.v";
